<html>
<body>
<pre>
<h1>µVision Build Log</h1>
<h2>Tool Versions:</h2>
IDE-Version: µVision V5.18.0.0
Copyright (C) 2016 ARM Ltd and ARM Germany GmbH. All rights reserved.
License Information: bk Microsoft, Microsoft, LIC=QF8WF-6QXZY-GJP6P-M9GPH-KADNA-W1DDP
 
Tool Versions:
Toolchain:       MDK-ARM Standard  Version: 5.18
Toolchain Path:  C:\Keil_v5\ARM\ARMCC\Bin
C Compiler:      Armcc.exe V5.06 update 1 (build 61)
Assembler:       Armasm.exe V5.06 update 1 (build 61)
Linker/Locator:  ArmLink.exe V5.06 update 1 (build 61)
Library Manager: ArmAr.exe V5.06 update 1 (build 61)
Hex Converter:   FromElf.exe V5.06 update 1 (build 61)
CPU DLL:         SARMCM3.DLL V5.18
Dialog DLL:      DARMCM1.DLL V1.12.0.0
Target DLL:      STLink\ST-LINKIII-KEIL_SWO.dll V2.0.18.0
Dialog DLL:      TARMCM1.DLL V1.9.0.0
 
<h2>Project:</h2>
C:\Users\bongkot-bpg\Desktop\STM32F0_BRAILLE_V2.0\MDK-ARM\STM32F0_BRAILLE_V1.0.uvprojx
Project File Date:  09/16/2016

<h2>Output:</h2>
*** Using Compiler 'V5.06 update 1 (build 61)', folder: 'C:\Keil_v5\ARM\ARMCC\Bin'
Build target 'STM32F0_BRAILLE_V1.0'
compiling braille_process.c...
..\nx_libs\inc\main.h(26): warning:  #1-D: last line of file ends without a newline
  #endif 
..\nx_libs\inc\print_debug.h(29): warning:  #1-D: last line of file ends without a newline
  #endif
..\nx_libs\inc\uart1_manag.h(9): warning:  #1295-D: Deprecated declaration uart1_callback - give arg types
  void uart1_callback();
..\nx_libs\inc\uart1_manag.h(12): warning:  #1295-D: Deprecated declaration uart1_flush - give arg types
  void uart1_flush();
..\nx_libs\inc\uart1_manag.h(14): warning:  #1295-D: Deprecated declaration uart1_callback - give arg types
  extern void uart1_callback();
..\nx_libs\inc\uart1_manag.h(16): warning:  #1-D: last line of file ends without a newline
  #endif 
..\nx_libs\inc\uart2_manag.h(9): warning:  #1295-D: Deprecated declaration uart2_callback - give arg types
  void uart2_callback();
..\nx_libs\inc\uart2_manag.h(13): warning:  #1295-D: Deprecated declaration uart2_callback - give arg types
  extern void uart2_callback();
..\nx_libs\inc\uart2_manag.h(15): warning:  #1-D: last line of file ends without a newline
  #endif 
..\nx_libs\inc\main.h(26): warning:  #1-D: last line of file ends without a newline
  #endif 
..\nx_libs\src\braille_process.c(7): warning:  #940-D: missing return statement at end of non-void function "Braille_status"
  }
..\nx_libs\src\braille_process.c(4): warning:  #550-D: variable "delay" was set but never used
  		uint8_t delay;   
..\nx_libs\src\braille_process.c(5): warning:  #177-D: variable "res" was declared but never referenced
      int res, i;                                          
..\nx_libs\src\braille_process.c(5): warning:  #177-D: variable "i" was declared but never referenced
      int res, i;                                          
..\nx_libs\src\braille_process.c(10): warning:  #940-D: missing return statement at end of non-void function "Braille_config"
  }
..\nx_libs\src\braille_process.c(36): warning:  #188-D: enumerated type mixed with another type
  				HAL_GPIO_WritePin(
atch_pin_GPIO_Port, 
atch_pin_Pin, 0);
..\nx_libs\src\braille_process.c(39): warning:  #188-D: enumerated type mixed with another type
  					HAL_GPIO_WritePin(
PIOC, 
PIO_PIN_3,order[i]);//data
..\nx_libs\src\braille_process.c(40): warning:  #188-D: enumerated type mixed with another type
  					HAL_GPIO_WritePin(
PIOC, 
lock_Pin, 1); //clock
..\nx_libs\src\braille_process.c(42): warning:  #188-D: enumerated type mixed with another type
  					HAL_GPIO_WritePin(
PIOC, 
lock_Pin, 0); //clock
..\nx_libs\src\braille_process.c(46): warning:  #188-D: enumerated type mixed with another type
  				HAL_GPIO_WritePin(
atch_pin_GPIO_Port, 
atch_pin_Pin, 1);
..\nx_libs\src\braille_process.c(50): warning:  #188-D: enumerated type mixed with another type
  				HAL_GPIO_WritePin(
atch_pin_GPIO_Port, 
atch_pin_Pin, 0);
..\nx_libs\src\braille_process.c(53): warning:  #188-D: enumerated type mixed with another type
  					HAL_GPIO_WritePin(
PIOC, 
PIO_PIN_3,0);//data
..\nx_libs\src\braille_process.c(54): warning:  #188-D: enumerated type mixed with another type
  					HAL_GPIO_WritePin(
PIOC, 
lock_Pin, 1); //clock
..\nx_libs\src\braille_process.c(56): warning:  #188-D: enumerated type mixed with another type
  					HAL_GPIO_WritePin(
PIOC, 
lock_Pin, 0); //clock
..\nx_libs\src\braille_process.c(60): warning:  #188-D: enumerated type mixed with another type
  				HAL_GPIO_WritePin(
atch_pin_GPIO_Port, 
atch_pin_Pin, 1);
..\nx_libs\src\braille_process.c(62): warning:  #940-D: missing return statement at end of non-void function "Braille_data"
  }
..\nx_libs\src\braille_process.c(14): warning:  #177-D: variable "delay" was declared but never referenced
  		uint8_t delay;   
..\nx_libs\src\braille_process.c(15): warning:  #177-D: variable "res" was declared but never referenced
      int res,j,i ,n,m,seg,chk; 
..\nx_libs\src\braille_process.c(66): warning:  #940-D: missing return statement at end of non-void function "Braille_event"
  }
..\nx_libs\src\braille_process.c: 29 warnings, 0 errors
compiling main.c...
..\nx_libs\inc\main.h(26): warning:  #1-D: last line of file ends without a newline
  #endif 
..\nx_libs\inc\print_debug.h(29): warning:  #1-D: last line of file ends without a newline
  #endif
..\nx_libs\inc\uart1_manag.h(9): warning:  #1295-D: Deprecated declaration uart1_callback - give arg types
  void uart1_callback();
..\nx_libs\inc\uart1_manag.h(12): warning:  #1295-D: Deprecated declaration uart1_flush - give arg types
  void uart1_flush();
..\nx_libs\inc\uart1_manag.h(14): warning:  #1295-D: Deprecated declaration uart1_callback - give arg types
  extern void uart1_callback();
..\nx_libs\inc\uart1_manag.h(16): warning:  #1-D: last line of file ends without a newline
  #endif 
..\nx_libs\inc\uart2_manag.h(13): warning:  #1295-D: Deprecated declaration uart2_callback - give arg types
  extern void uart2_callback();
..\nx_libs\inc\uart2_manag.h(15): warning:  #1-D: last line of file ends without a newline
  #endif 
..\nx_libs\inc\main.h(26): warning:  #1-D: last line of file ends without a newline
  #endif 
..\nx_libs\inc\Braille.h(15): warning:  #1-D: last line of file ends without a newline
  int Braille_sendAPI(char *frame, int lenght, int timeout);
../Src/main.c(108): warning:  #188-D: enumerated type mixed with another type
  	HAL_GPIO_WritePin(
PIOC, 
PIO_PIN_3,0);
../Src/main.c(109): warning:  #188-D: enumerated type mixed with another type
  	HAL_GPIO_WritePin(
PIOC, 
lock_Pin, 0); //clock
../Src/main.c(110): warning:  #188-D: enumerated type mixed with another type
  	HAL_GPIO_WritePin(
atch_pin_GPIO_Port, 
atch_pin_Pin, 1);
../Src/main.c(112): warning:  #188-D: enumerated type mixed with another type
  		HAL_GPIO_WritePin(
PIOC, 
PIO_PIN_3,0);//data
../Src/main.c(113): warning:  #188-D: enumerated type mixed with another type
  		HAL_GPIO_WritePin(
PIOC, 
lock_Pin, 1); //clock
../Src/main.c(115): warning:  #188-D: enumerated type mixed with another type
  		HAL_GPIO_WritePin(
PIOC, 
lock_Pin, 0); //clock
../Src/main.c(119): warning:  #188-D: enumerated type mixed with another type
  	HAL_GPIO_WritePin(
atch_pin_GPIO_Port, 
atch_pin_Pin, 1);
../Src/main.c: 18 warnings, 0 errors
linking...
STM32F0_BRAILLE_V1.0\STM32F0_BRAILLE_V1.0: Warning: L6304W: Duplicate input file stm32f0_braille_v1.0\braille_process_1.o ignored.
Program Size: Code=21004 RO-data=404 RW-data=32 ZI-data=2712  
Finished: 0 information, 1 warning and 0 error messages.
"STM32F0_BRAILLE_V1.0\STM32F0_BRAILLE_V1.0" - 0 Error(s), 47 Warning(s).

<h2>Software Packages used:</h2>

Package Vendor: ARM
                http://www.keil.com/pack/ARM.CMSIS.4.5.0.pack
                ARM::CMSIS:CORE:4.3.0
                CMSIS (Cortex Microcontroller Software Interface Standard)
   * Component: CORE Version: 4.3.0

<h2>Collection of Component include folders:</h2>
  C:\Users\bongkot-bpg\Desktop\STM32F0_BRAILLE_V2.0\MDK-ARM\RTE
  C:\Keil_v5\ARM\PACK\ARM\CMSIS\4.5.0\CMSIS\Include
  C:\Keil_v5\ARM\PACK\Keil\STM32F0xx_DFP\1.5.0\Device\Include

<h2>Collection of Component Files used:</h2>

   * Component: ARM::CMSIS:CORE:4.3.0
Build Time Elapsed:  00:00:02
</pre>
</body>
</html>
